a = 13.000000
b = 17.000000
addition = 30.000000
subtraction = -4.000000
multiplication = 221.000000
division = 0.764706
power = 8650415977864888320.000000
square root 13 = 3.605551
cube root 27 = 3.000000
reassign = 9.876543
copyValues = 17.000000
precedenceA = 15.000000
precedenceB = 21.000000
linearAssign = 6.500000
geometricAssign = 1.207006
negative = -5.500000
