a = -1.000000
b = 1.000000
c = 0.000000
d = 3.141593
e = 3.141593
f = 1234567813922816.000000
g = 1234567813922816.000000
h = 0.500000
