sum0: 0
sum1: 100
sum2: 300
sum3:
  arg 1: 100
  arg 2: 200
  arg 3: 300
  returned: 600
func(func(), func()): 730
returnVoid: returnVoid
