i = 4 -> 2
i = 5 -> 2
i = 6 -> 2
i = 7 -> 3
i = 8 -> 3
a is at load 10/100
Element exists at index 9
4
5
6
7
0
b is 8/100
No element at index 9
