My name is Cornelius
My area is 50 and perimeter is 30
Cornelius's area is 12
NamedRectangle Cornelius has an area of 12
